Archive member included to satisfy reference by file (symbol)

c:/my_folder/program/stm32/stm32cubeide_1.6.1/stm32cubeide/plugins/com.st.stm32cube.ide.mcu.externaltools.gnu-tools-for-stm32.9-2020-q2-update.win32_1.5.0.202011040924/tools/bin/../lib/gcc/arm-none-eabi/9.3.1/../../../../arm-none-eabi/lib/thumb/v7e-m+fp/hard\libc_nano.a(lib_a-errno.o)
                              Core/Src/syscalls.o (__errno)
c:/my_folder/program/stm32/stm32cubeide_1.6.1/stm32cubeide/plugins/com.st.stm32cube.ide.mcu.externaltools.gnu-tools-for-stm32.9-2020-q2-update.win32_1.5.0.202011040924/tools/bin/../lib/gcc/arm-none-eabi/9.3.1/../../../../arm-none-eabi/lib/thumb/v7e-m+fp/hard\libc_nano.a(lib_a-exit.o)
                              c:/my_folder/program/stm32/stm32cubeide_1.6.1/stm32cubeide/plugins/com.st.stm32cube.ide.mcu.externaltools.gnu-tools-for-stm32.9-2020-q2-update.win32_1.5.0.202011040924/tools/bin/../lib/gcc/arm-none-eabi/9.3.1/../../../../arm-none-eabi/lib/thumb/v7e-m+fp/hard/crt0.o (exit)
c:/my_folder/program/stm32/stm32cubeide_1.6.1/stm32cubeide/plugins/com.st.stm32cube.ide.mcu.externaltools.gnu-tools-for-stm32.9-2020-q2-update.win32_1.5.0.202011040924/tools/bin/../lib/gcc/arm-none-eabi/9.3.1/../../../../arm-none-eabi/lib/thumb/v7e-m+fp/hard\libc_nano.a(lib_a-impure.o)
                              c:/my_folder/program/stm32/stm32cubeide_1.6.1/stm32cubeide/plugins/com.st.stm32cube.ide.mcu.externaltools.gnu-tools-for-stm32.9-2020-q2-update.win32_1.5.0.202011040924/tools/bin/../lib/gcc/arm-none-eabi/9.3.1/../../../../arm-none-eabi/lib/thumb/v7e-m+fp/hard\libc_nano.a(lib_a-exit.o) (_global_impure_ptr)
c:/my_folder/program/stm32/stm32cubeide_1.6.1/stm32cubeide/plugins/com.st.stm32cube.ide.mcu.externaltools.gnu-tools-for-stm32.9-2020-q2-update.win32_1.5.0.202011040924/tools/bin/../lib/gcc/arm-none-eabi/9.3.1/../../../../arm-none-eabi/lib/thumb/v7e-m+fp/hard\libc_nano.a(lib_a-init.o)
                              c:/my_folder/program/stm32/stm32cubeide_1.6.1/stm32cubeide/plugins/com.st.stm32cube.ide.mcu.externaltools.gnu-tools-for-stm32.9-2020-q2-update.win32_1.5.0.202011040924/tools/bin/../lib/gcc/arm-none-eabi/9.3.1/../../../../arm-none-eabi/lib/thumb/v7e-m+fp/hard/crt0.o (__libc_init_array)
c:/my_folder/program/stm32/stm32cubeide_1.6.1/stm32cubeide/plugins/com.st.stm32cube.ide.mcu.externaltools.gnu-tools-for-stm32.9-2020-q2-update.win32_1.5.0.202011040924/tools/bin/../lib/gcc/arm-none-eabi/9.3.1/../../../../arm-none-eabi/lib/thumb/v7e-m+fp/hard\libc_nano.a(lib_a-memset.o)
                              c:/my_folder/program/stm32/stm32cubeide_1.6.1/stm32cubeide/plugins/com.st.stm32cube.ide.mcu.externaltools.gnu-tools-for-stm32.9-2020-q2-update.win32_1.5.0.202011040924/tools/bin/../lib/gcc/arm-none-eabi/9.3.1/../../../../arm-none-eabi/lib/thumb/v7e-m+fp/hard/crt0.o (memset)
c:/my_folder/program/stm32/stm32cubeide_1.6.1/stm32cubeide/plugins/com.st.stm32cube.ide.mcu.externaltools.gnu-tools-for-stm32.9-2020-q2-update.win32_1.5.0.202011040924/tools/bin/../lib/gcc/arm-none-eabi/9.3.1/../../../../arm-none-eabi/lib/thumb/v7e-m+fp/hard\libc_nano.a(lib_a-sprintf.o)
                              Core/Src/main.o (sprintf)
c:/my_folder/program/stm32/stm32cubeide_1.6.1/stm32cubeide/plugins/com.st.stm32cube.ide.mcu.externaltools.gnu-tools-for-stm32.9-2020-q2-update.win32_1.5.0.202011040924/tools/bin/../lib/gcc/arm-none-eabi/9.3.1/../../../../arm-none-eabi/lib/thumb/v7e-m+fp/hard\libc_nano.a(lib_a-strlen.o)
                              Core/Src/main.o (strlen)
c:/my_folder/program/stm32/stm32cubeide_1.6.1/stm32cubeide/plugins/com.st.stm32cube.ide.mcu.externaltools.gnu-tools-for-stm32.9-2020-q2-update.win32_1.5.0.202011040924/tools/bin/../lib/gcc/arm-none-eabi/9.3.1/../../../../arm-none-eabi/lib/thumb/v7e-m+fp/hard\libc_nano.a(lib_a-nano-svfprintf.o)
                              c:/my_folder/program/stm32/stm32cubeide_1.6.1/stm32cubeide/plugins/com.st.stm32cube.ide.mcu.externaltools.gnu-tools-for-stm32.9-2020-q2-update.win32_1.5.0.202011040924/tools/bin/../lib/gcc/arm-none-eabi/9.3.1/../../../../arm-none-eabi/lib/thumb/v7e-m+fp/hard\libc_nano.a(lib_a-sprintf.o) (_svfprintf_r)
c:/my_folder/program/stm32/stm32cubeide_1.6.1/stm32cubeide/plugins/com.st.stm32cube.ide.mcu.externaltools.gnu-tools-for-stm32.9-2020-q2-update.win32_1.5.0.202011040924/tools/bin/../lib/gcc/arm-none-eabi/9.3.1/../../../../arm-none-eabi/lib/thumb/v7e-m+fp/hard\libc_nano.a(lib_a-nano-vfprintf_i.o)
                              c:/my_folder/program/stm32/stm32cubeide_1.6.1/stm32cubeide/plugins/com.st.stm32cube.ide.mcu.externaltools.gnu-tools-for-stm32.9-2020-q2-update.win32_1.5.0.202011040924/tools/bin/../lib/gcc/arm-none-eabi/9.3.1/../../../../arm-none-eabi/lib/thumb/v7e-m+fp/hard\libc_nano.a(lib_a-nano-svfprintf.o) (_printf_i)
[...]
Memory Configuration

Name             Origin             Length             Attributes
RAM              0x0000000020000000 0x0000000000020000 xrw
FLASH            0x0000000008000000 0x0000000000080000 xr
*default*        0x0000000000000000 0xffffffffffffffff

Linker script and memory map

LOAD c:/my_folder/program/stm32/stm32cubeide_1.6.1/stm32cubeide/plugins/com.st.stm32cube.ide.mcu.externaltools.gnu-tools-for-stm32.9-2020-q2-update.win32_1.5.0.202011040924/tools/bin/../lib/gcc/arm-none-eabi/9.3.1/thumb/v7e-m+fp/hard/crti.o
LOAD c:/my_folder/program/stm32/stm32cubeide_1.6.1/stm32cubeide/plugins/com.st.stm32cube.ide.mcu.externaltools.gnu-tools-for-stm32.9-2020-q2-update.win32_1.5.0.202011040924/tools/bin/../lib/gcc/arm-none-eabi/9.3.1/thumb/v7e-m+fp/hard/crtbegin.o
LOAD c:/my_folder/program/stm32/stm32cubeide_1.6.1/stm32cubeide/plugins/com.st.stm32cube.ide.mcu.externaltools.gnu-tools-for-stm32.9-2020-q2-update.win32_1.5.0.202011040924/tools/bin/../lib/gcc/arm-none-eabi/9.3.1/../../../../arm-none-eabi/lib/thumb/v7e-m+fp/hard/crt0.o
LOAD Core/Src/main.o
LOAD Core/Src/stm32f4xx_hal_msp.o
LOAD Core/Src/stm32f4xx_it.o
LOAD Core/Src/syscalls.o
LOAD Core/Src/sysmem.o
LOAD Core/Src/system_stm32f4xx.o
LOAD Core/Startup/startup_stm32f411retx.o
LOAD Drivers/STM32F4xx_HAL_Driver/stm32f4xx_hal.o
LOAD Drivers/STM32F4xx_HAL_Driver/stm32f4xx_hal_cortex.o
LOAD Drivers/STM32F4xx_HAL_Driver/stm32f4xx_hal_dma.o
LOAD Drivers/STM32F4xx_HAL_Driver/stm32f4xx_hal_dma_ex.o
LOAD Drivers/STM32F4xx_HAL_Driver/stm32f4xx_hal_exti.o
LOAD Drivers/STM32F4xx_HAL_Driver/stm32f4xx_hal_flash.o
LOAD Drivers/STM32F4xx_HAL_Driver/stm32f4xx_hal_flash_ex.o
LOAD Drivers/STM32F4xx_HAL_Driver/stm32f4xx_hal_flash_ramfunc.o
LOAD Drivers/STM32F4xx_HAL_Driver/stm32f4xx_hal_gpio.o
LOAD Drivers/STM32F4xx_HAL_Driver/stm32f4xx_hal_pwr.o
LOAD Drivers/STM32F4xx_HAL_Driver/stm32f4xx_hal_pwr_ex.o
LOAD Drivers/STM32F4xx_HAL_Driver/stm32f4xx_hal_rcc.o
LOAD Drivers/STM32F4xx_HAL_Driver/stm32f4xx_hal_rcc_ex.o
LOAD Drivers/STM32F4xx_HAL_Driver/stm32f4xx_hal_tim.o
LOAD Drivers/STM32F4xx_HAL_Driver/stm32f4xx_hal_tim_ex.o
LOAD Drivers/STM32F4xx_HAL_Driver/stm32f4xx_hal_uart.o
START GROUP
LOAD c:/my_folder/program/stm32/stm32cubeide_1.6.1/stm32cubeide/plugins/com.st.stm32cube.ide.mcu.externaltools.gnu-tools-for-stm32.9-2020-q2-update.win32_1.5.0.202011040924/tools/bin/../lib/gcc/arm-none-eabi/9.3.1/../../../../arm-none-eabi/lib/thumb/v7e-m+fp/hard\libc_nano.a
LOAD c:/my_folder/program/stm32/stm32cubeide_1.6.1/stm32cubeide/plugins/com.st.stm32cube.ide.mcu.externaltools.gnu-tools-for-stm32.9-2020-q2-update.win32_1.5.0.202011040924/tools/bin/../lib/gcc/arm-none-eabi/9.3.1/../../../../arm-none-eabi/lib/thumb/v7e-m+fp/hard\libm.a
END GROUP
START GROUP
LOAD c:/my_folder/program/stm32/stm32cubeide_1.6.1/stm32cubeide/plugins/com.st.stm32cube.ide.mcu.externaltools.gnu-tools-for-stm32.9-2020-q2-update.win32_1.5.0.202011040924/tools/bin/../lib/gcc/arm-none-eabi/9.3.1/thumb/v7e-m+fp/hard\libgcc.a
LOAD c:/my_folder/program/stm32/stm32cubeide_1.6.1/stm32cubeide/plugins/com.st.stm32cube.ide.mcu.externaltools.gnu-tools-for-stm32.9-2020-q2-update.win32_1.5.0.202011040924/tools/bin/../lib/gcc/arm-none-eabi/9.3.1/../../../../arm-none-eabi/lib/thumb/v7e-m+fp/hard\libc_nano.a
END GROUP
START GROUP
LOAD c:/my_folder/program/stm32/stm32cubeide_1.6.1/stm32cubeide/plugins/com.st.stm32cube.ide.mcu.externaltools.gnu-tools-for-stm32.9-2020-q2-update.win32_1.5.0.202011040924/tools/bin/../lib/gcc/arm-none-eabi/9.3.1/thumb/v7e-m+fp/hard\libgcc.a
LOAD c:/my_folder/program/stm32/stm32cubeide_1.6.1/stm32cubeide/plugins/com.st.stm32cube.ide.mcu.externaltools.gnu-tools-for-stm32.9-2020-q2-update.win32_1.5.0.202011040924/tools/bin/../lib/gcc/arm-none-eabi/9.3.1/../../../../arm-none-eabi/lib/thumb/v7e-m+fp/hard\libc_nano.a
LOAD c:/my_folder/program/stm32/stm32cubeide_1.6.1/stm32cubeide/plugins/com.st.stm32cube.ide.mcu.externaltools.gnu-tools-for-stm32.9-2020-q2-update.win32_1.5.0.202011040924/tools/bin/../lib/gcc/arm-none-eabi/9.3.1/../../../../arm-none-eabi/lib/thumb/v7e-m+fp/hard\libnosys.a
END GROUP
START GROUP
LOAD c:/my_folder/program/stm32/stm32cubeide_1.6.1/stm32cubeide/plugins/com.st.stm32cube.ide.mcu.externaltools.gnu-tools-for-stm32.9-2020-q2-update.win32_1.5.0.202011040924/tools/bin/../lib/gcc/arm-none-eabi/9.3.1/thumb/v7e-m+fp/hard\libgcc.a
LOAD c:/my_folder/program/stm32/stm32cubeide_1.6.1/stm32cubeide/plugins/com.st.stm32cube.ide.mcu.externaltools.gnu-tools-for-stm32.9-2020-q2-update.win32_1.5.0.202011040924/tools/bin/../lib/gcc/arm-none-eabi/9.3.1/../../../../arm-none-eabi/lib/thumb/v7e-m+fp/hard\libc_nano.a
LOAD c:/my_folder/program/stm32/stm32cubeide_1.6.1/stm32cubeide/plugins/com.st.stm32cube.ide.mcu.externaltools.gnu-tools-for-stm32.9-2020-q2-update.win32_1.5.0.202011040924/tools/bin/../lib/gcc/arm-none-eabi/9.3.1/../../../../arm-none-eabi/lib/thumb/v7e-m+fp/hard\libnosys.a
END GROUP
LOAD c:/my_folder/program/stm32/stm32cubeide_1.6.1/stm32cubeide/plugins/com.st.stm32cube.ide.mcu.externaltools.gnu-tools-for-stm32.9-2020-q2-update.win32_1.5.0.202011040924/tools/bin/../lib/gcc/arm-none-eabi/9.3.1/thumb/v7e-m+fp/hard/crtend.o
LOAD c:/my_folder/program/stm32/stm32cubeide_1.6.1/stm32cubeide/plugins/com.st.stm32cube.ide.mcu.externaltools.gnu-tools-for-stm32.9-2020-q2-update.win32_1.5.0.202011040924/tools/bin/../lib/gcc/arm-none-eabi/9.3.1/thumb/v7e-m+fp/hard/crtn.o
                0x0000000020020000                _estack = (ORIGIN (RAM) + LENGTH (RAM))
                0x0000000000000200                _Min_Heap_Size = 0x200
                0x0000000000000400                _Min_Stack_Size = 0x400

.isr_vector     0x0000000008000000      0x198
                0x0000000008000000                . = ALIGN (0x4)
 *(.isr_vector)
 .isr_vector    0x0000000008000000      0x198 Core/Startup/startup_stm32f411retx.o
                0x0000000008000000                g_pfnVectors
                0x0000000008000198                . = ALIGN (0x4)

.text           0x0000000008000198     0x2758
                0x0000000008000198                . = ALIGN (0x4)
 *(.text)
 .text          0x0000000008000198       0x40 c:/my_folder/program/stm32/stm32cubeide_1.6.1/stm32cubeide/plugins/com.st.stm32cube.ide.mcu.externaltools.gnu-tools-for-stm32.9-2020-q2-update.win32_1.5.0.202011040924/tools/bin/../lib/gcc/arm-none-eabi/9.3.1/thumb/v7e-m+fp/hard/crtbegin.o
 .text          0x00000000080001d8       0x10 c:/my_folder/program/stm32/stm32cubeide_1.6.1/stm32cubeide/plugins/com.st.stm32cube.ide.mcu.externaltools.gnu-tools-for-stm32.9-2020-q2-update.win32_1.5.0.202011040924/tools/bin/../lib/gcc/arm-none-eabi/9.3.1/../../../../arm-none-eabi/lib/thumb/v7e-m+fp/hard\libc_nano.a(lib_a-strlen.o)
                0x00000000080001d8                strlen
 .text          0x00000000080001e8       0x30 c:/my_folder/program/stm32/stm32cubeide_1.6.1/stm32cubeide/plugins/com.st.stm32cube.ide.mcu.externaltools.gnu-tools-for-stm32.9-2020-q2-update.win32_1.5.0.202011040924/tools/bin/../lib/gcc/arm-none-eabi/9.3.1/thumb/v7e-m+fp/hard\libgcc.a(_aeabi_uldivmod.o)
                0x00000000080001e8                __aeabi_uldivmod
 .text          0x0000000008000218      0x2c4 c:/my_folder/program/stm32/stm32cubeide_1.6.1/stm32cubeide/plugins/com.st.stm32cube.ide.mcu.externaltools.gnu-tools-for-stm32.9-2020-q2-update.win32_1.5.0.202011040924/tools/bin/../lib/gcc/arm-none-eabi/9.3.1/thumb/v7e-m+fp/hard\libgcc.a(_udivmoddi4.o)
                0x0000000008000218                __udivmoddi4
 .text          0x00000000080004dc        0x4 c:/my_folder/program/stm32/stm32cubeide_1.6.1/stm32cubeide/plugins/com.st.stm32cube.ide.mcu.externaltools.gnu-tools-for-stm32.9-2020-q2-update.win32_1.5.0.202011040924/tools/bin/../lib/gcc/arm-none-eabi/9.3.1/thumb/v7e-m+fp/hard\libgcc.a(_dvmd_tls.o)
                0x00000000080004dc                __aeabi_idiv0
                0x00000000080004dc                __aeabi_ldiv0
 *(.text*)
 .text.main     0x00000000080004e0      0x128 Core/Src/main.o
                0x00000000080004e0                main
 .text.SystemClock_Config
                0x0000000008000608       0xd0 Core/Src/main.o
                0x0000000008000608                SystemClock_Config
 .text.MX_USART2_UART_Init
                0x00000000080006d8       0x54 Core/Src/main.o
 .text.MX_GPIO_Init
                0x000000000800072c       0xe0 Core/Src/main.o
 .text.UARTRecieveIT
                0x000000000800080c       0x60 Core/Src/main.o
                0x000000000800080c                UARTRecieveIT
 .text.Error_Handler
                0x000000000800086c        0xa Core/Src/main.o
                0x000000000800086c                Error_Handler
 *fill*         0x0000000008000876        0x2 
 .text.HAL_MspInit
                0x0000000008000878       0x50 Core/Src/stm32f4xx_hal_msp.o
                0x0000000008000878                HAL_MspInit
 .text.HAL_UART_MspInit
                0x00000000080008c8       0xa0 Core/Src/stm32f4xx_hal_msp.o
                0x00000000080008c8                HAL_UART_MspInit
 .text.NMI_Handler
                0x0000000008000968        0x6 Core/Src/stm32f4xx_it.o
                0x0000000008000968                NMI_Handler
 .text.HardFault_Handler
                0x000000000800096e        0x6 Core/Src/stm32f4xx_it.o
                0x000000000800096e                HardFault_Handler
 .text.MemManage_Handler
                0x0000000008000974        0x6 Core/Src/stm32f4xx_it.o
                0x0000000008000974                MemManage_Handler
 .text.BusFault_Handler
                0x000000000800097a        0x6 Core/Src/stm32f4xx_it.o
                0x000000000800097a                BusFault_Handler
 .text.UsageFault_Handler
                0x0000000008000980        0x6 Core/Src/stm32f4xx_it.o
                0x0000000008000980                UsageFault_Handler
 .text.SVC_Handler
                0x0000000008000986        0xe Core/Src/stm32f4xx_it.o
                0x0000000008000986                SVC_Handler
 .text.DebugMon_Handler
                0x0000000008000994        0xe Core/Src/stm32f4xx_it.o
                0x0000000008000994                DebugMon_Handler
 .text.PendSV_Handler
                0x00000000080009a2        0xe Core/Src/stm32f4xx_it.o
                0x00000000080009a2                PendSV_Handler
 .text.SysTick_Handler
                0x00000000080009b0        0xc Core/Src/stm32f4xx_it.o
                0x00000000080009b0                SysTick_Handler
 .text.USART2_IRQHandler
                0x00000000080009bc       0x14 Core/Src/stm32f4xx_it.o
                0x00000000080009bc                USART2_IRQHandler
 .text.SystemInit
                0x00000000080009d0       0x24 Core/Src/system_stm32f4xx.o
                0x00000000080009d0                SystemInit
 .text.Reset_Handler
                0x00000000080009f4       0x50 Core/Startup/startup_stm32f411retx.o
                0x00000000080009f4                Reset_Handler
 .text.Default_Handler
                0x0000000008000a44        0x2 Core/Startup/startup_stm32f411retx.o
                0x0000000008000a44                RTC_Alarm_IRQHandler
                0x0000000008000a44                EXTI2_IRQHandler
                0x0000000008000a44                SPI4_IRQHandler
                0x0000000008000a44                TIM1_CC_IRQHandler
                0x0000000008000a44                DMA2_Stream5_IRQHandler
                0x0000000008000a44                DMA1_Stream5_IRQHandler
                0x0000000008000a44                PVD_IRQHandler
                0x0000000008000a44                SDIO_IRQHandler
                0x0000000008000a44                TAMP_STAMP_IRQHandler
                0x0000000008000a44                EXTI3_IRQHandler
                0x0000000008000a44                TIM1_UP_TIM10_IRQHandler
                0x0000000008000a44                I2C3_ER_IRQHandler
                0x0000000008000a44                EXTI0_IRQHandler
                0x0000000008000a44                I2C2_EV_IRQHandler
                0x0000000008000a44                DMA1_Stream2_IRQHandler
                0x0000000008000a44                FPU_IRQHandler
                0x0000000008000a44                DMA2_Stream2_IRQHandler
                0x0000000008000a44                SPI1_IRQHandler
                0x0000000008000a44                TIM1_BRK_TIM9_IRQHandler
                0x0000000008000a44                DMA2_Stream3_IRQHandler
                0x0000000008000a44                USART6_IRQHandler
                0x0000000008000a44                DMA2_Stream0_IRQHandler
                0x0000000008000a44                TIM4_IRQHandler
                0x0000000008000a44                I2C1_EV_IRQHandler
                0x0000000008000a44                DMA1_Stream6_IRQHandler
                0x0000000008000a44                DMA1_Stream1_IRQHandler
                0x0000000008000a44                TIM3_IRQHandler
                0x0000000008000a44                RCC_IRQHandler
                0x0000000008000a44                Default_Handler
                0x0000000008000a44                EXTI15_10_IRQHandler
                0x0000000008000a44                ADC_IRQHandler
                0x0000000008000a44                DMA1_Stream7_IRQHandler
                0x0000000008000a44                SPI5_IRQHandler
                0x0000000008000a44                TIM5_IRQHandler
                0x0000000008000a44                DMA2_Stream7_IRQHandler
                0x0000000008000a44                I2C3_EV_IRQHandler
                0x0000000008000a44                EXTI9_5_IRQHandler
                0x0000000008000a44                RTC_WKUP_IRQHandler
                0x0000000008000a44                SPI2_IRQHandler
                0x0000000008000a44                DMA1_Stream0_IRQHandler
                0x0000000008000a44                EXTI4_IRQHandler
                0x0000000008000a44                WWDG_IRQHandler
                0x0000000008000a44                TIM2_IRQHandler
                0x0000000008000a44                OTG_FS_WKUP_IRQHandler
                0x0000000008000a44                TIM1_TRG_COM_TIM11_IRQHandler
                0x0000000008000a44                EXTI1_IRQHandler
                0x0000000008000a44                I2C2_ER_IRQHandler
                0x0000000008000a44                DMA2_Stream1_IRQHandler
                0x0000000008000a44                FLASH_IRQHandler
                0x0000000008000a44                DMA2_Stream4_IRQHandler
                0x0000000008000a44                USART1_IRQHandler
                0x0000000008000a44                OTG_FS_IRQHandler
                0x0000000008000a44                SPI3_IRQHandler
                0x0000000008000a44                DMA1_Stream4_IRQHandler
                0x0000000008000a44                I2C1_ER_IRQHandler
                0x0000000008000a44                DMA2_Stream6_IRQHandler
                0x0000000008000a44                DMA1_Stream3_IRQHandler
 *fill*         0x0000000008000a46        0x2 
 .text.HAL_Init
                0x0000000008000a48       0x44 Drivers/STM32F4xx_HAL_Driver/stm32f4xx_hal.o
                0x0000000008000a48                HAL_Init
 .text.HAL_InitTick
                0x0000000008000a8c       0x60 Drivers/STM32F4xx_HAL_Driver/stm32f4xx_hal.o
                0x0000000008000a8c                HAL_InitTick
 .text.HAL_IncTick
                0x0000000008000aec       0x28 Drivers/STM32F4xx_HAL_Driver/stm32f4xx_hal.o
                0x0000000008000aec                HAL_IncTick
 .text.HAL_GetTick
                0x0000000008000b14       0x18 Drivers/STM32F4xx_HAL_Driver/stm32f4xx_hal.o
                0x0000000008000b14                HAL_GetTick
 .text.HAL_Delay
                0x0000000008000b2c       0x48 Drivers/STM32F4xx_HAL_Driver/stm32f4xx_hal.o
                0x0000000008000b2c                HAL_Delay
 .text.__NVIC_SetPriorityGrouping
                0x0000000008000b74       0x48 Drivers/STM32F4xx_HAL_Driver/stm32f4xx_hal_cortex.o
 .text.__NVIC_GetPriorityGrouping
                0x0000000008000bbc       0x1c Drivers/STM32F4xx_HAL_Driver/stm32f4xx_hal_cortex.o
 .text.__NVIC_EnableIRQ
                0x0000000008000bd8       0x3c Drivers/STM32F4xx_HAL_Driver/stm32f4xx_hal_cortex.o
 .text.__NVIC_SetPriority
                0x0000000008000c14       0x54 Drivers/STM32F4xx_HAL_Driver/stm32f4xx_hal_cortex.o
 .text.NVIC_EncodePriority
                0x0000000008000c68       0x66 Drivers/STM32F4xx_HAL_Driver/stm32f4xx_hal_cortex.o
 *fill*         0x0000000008000cce        0x2 
 .text.SysTick_Config
                0x0000000008000cd0       0x44 Drivers/STM32F4xx_HAL_Driver/stm32f4xx_hal_cortex.o
 .text.HAL_NVIC_SetPriorityGrouping
                0x0000000008000d14       0x16 Drivers/STM32F4xx_HAL_Driver/stm32f4xx_hal_cortex.o
                0x0000000008000d14                HAL_NVIC_SetPriorityGrouping
 .text.HAL_NVIC_SetPriority
                0x0000000008000d2a       0x38 Drivers/STM32F4xx_HAL_Driver/stm32f4xx_hal_cortex.o
                0x0000000008000d2a                HAL_NVIC_SetPriority
 .text.HAL_NVIC_EnableIRQ
                0x0000000008000d62       0x1c Drivers/STM32F4xx_HAL_Driver/stm32f4xx_hal_cortex.o
                0x0000000008000d62                HAL_NVIC_EnableIRQ
 .text.HAL_SYSTICK_Config
                0x0000000008000d7e       0x18 Drivers/STM32F4xx_HAL_Driver/stm32f4xx_hal_cortex.o
                0x0000000008000d7e                HAL_SYSTICK_Config
 .text.HAL_DMA_Abort
                0x0000000008000d96       0xe0 Drivers/STM32F4xx_HAL_Driver/stm32f4xx_hal_dma.o
                0x0000000008000d96                HAL_DMA_Abort
 .text.HAL_DMA_Abort_IT
                0x0000000008000e76       0x44 Drivers/STM32F4xx_HAL_Driver/stm32f4xx_hal_dma.o
                0x0000000008000e76                HAL_DMA_Abort_IT
 *fill*         0x0000000008000eba        0x2 
 .text.HAL_GPIO_Init
                0x0000000008000ebc      0x308 Drivers/STM32F4xx_HAL_Driver/stm32f4xx_hal_gpio.o
                0x0000000008000ebc                HAL_GPIO_Init
 .text.HAL_GPIO_WritePin
                0x00000000080011c4       0x32 Drivers/STM32F4xx_HAL_Driver/stm32f4xx_hal_gpio.o
                0x00000000080011c4                HAL_GPIO_WritePin
 .text.HAL_GPIO_TogglePin
                0x00000000080011f6       0x34 Drivers/STM32F4xx_HAL_Driver/stm32f4xx_hal_gpio.o
                0x00000000080011f6                HAL_GPIO_TogglePin
 *fill*         0x000000000800122a        0x2 
 .text.HAL_RCC_OscConfig
                0x000000000800122c      0x4f0 Drivers/STM32F4xx_HAL_Driver/stm32f4xx_hal_rcc.o
                0x000000000800122c                HAL_RCC_OscConfig
 .text.HAL_RCC_ClockConfig
                0x000000000800171c      0x1cc Drivers/STM32F4xx_HAL_Driver/stm32f4xx_hal_rcc.o
                0x000000000800171c                HAL_RCC_ClockConfig
 .text.HAL_RCC_GetSysClockFreq
                0x00000000080018e8      0x1c4 Drivers/STM32F4xx_HAL_Driver/stm32f4xx_hal_rcc.o
                0x00000000080018e8                HAL_RCC_GetSysClockFreq
 .text.HAL_RCC_GetHCLKFreq
                0x0000000008001aac       0x18 Drivers/STM32F4xx_HAL_Driver/stm32f4xx_hal_rcc.o
                0x0000000008001aac                HAL_RCC_GetHCLKFreq
 .text.HAL_RCC_GetPCLK1Freq
                0x0000000008001ac4       0x28 Drivers/STM32F4xx_HAL_Driver/stm32f4xx_hal_rcc.o
                0x0000000008001ac4                HAL_RCC_GetPCLK1Freq
 .text.HAL_RCC_GetPCLK2Freq
                0x0000000008001aec       0x28 Drivers/STM32F4xx_HAL_Driver/stm32f4xx_hal_rcc.o
                0x0000000008001aec                HAL_RCC_GetPCLK2Freq
 .text.HAL_UART_Init
                0x0000000008001b14       0x9a Drivers/STM32F4xx_HAL_Driver/stm32f4xx_hal_uart.o
                0x0000000008001b14                HAL_UART_Init
 .text.HAL_UART_Transmit
                0x0000000008001bae      0x124 Drivers/STM32F4xx_HAL_Driver/stm32f4xx_hal_uart.o
                0x0000000008001bae                HAL_UART_Transmit
 .text.HAL_UART_Transmit_IT
                0x0000000008001cd2       0x8a Drivers/STM32F4xx_HAL_Driver/stm32f4xx_hal_uart.o
                0x0000000008001cd2                HAL_UART_Transmit_IT
 .text.HAL_UART_Receive_IT
                0x0000000008001d5c       0x60 Drivers/STM32F4xx_HAL_Driver/stm32f4xx_hal_uart.o
                0x0000000008001d5c                HAL_UART_Receive_IT
 .text.HAL_UART_IRQHandler
                0x0000000008001dbc      0x358 Drivers/STM32F4xx_HAL_Driver/stm32f4xx_hal_uart.o
                0x0000000008001dbc                HAL_UART_IRQHandler
 .text.HAL_UART_TxCpltCallback
                0x0000000008002114       0x14 Drivers/STM32F4xx_HAL_Driver/stm32f4xx_hal_uart.o
                0x0000000008002114                HAL_UART_TxCpltCallback
 .text.HAL_UART_RxCpltCallback
                0x0000000008002128       0x14 Drivers/STM32F4xx_HAL_Driver/stm32f4xx_hal_uart.o
                0x0000000008002128                HAL_UART_RxCpltCallback
 .text.HAL_UART_ErrorCallback
                0x000000000800213c       0x14 Drivers/STM32F4xx_HAL_Driver/stm32f4xx_hal_uart.o
                0x000000000800213c                HAL_UART_ErrorCallback
 .text.HAL_UARTEx_RxEventCallback
                0x0000000008002150       0x18 Drivers/STM32F4xx_HAL_Driver/stm32f4xx_hal_uart.o
                0x0000000008002150                HAL_UARTEx_RxEventCallback
 .text.UART_WaitOnFlagUntilTimeout
                0x0000000008002168       0x94 Drivers/STM32F4xx_HAL_Driver/stm32f4xx_hal_uart.o
 .text.UART_Start_Receive_IT
                0x00000000080021fc       0x74 Drivers/STM32F4xx_HAL_Driver/stm32f4xx_hal_uart.o
                0x00000000080021fc                UART_Start_Receive_IT
 .text.UART_EndRxTransfer
                0x0000000008002270       0x5a Drivers/STM32F4xx_HAL_Driver/stm32f4xx_hal_uart.o
 .text.UART_DMAAbortOnError
                0x00000000080022ca       0x28 Drivers/STM32F4xx_HAL_Driver/stm32f4xx_hal_uart.o
 .text.UART_Transmit_IT
                0x00000000080022f2       0xa0 Drivers/STM32F4xx_HAL_Driver/stm32f4xx_hal_uart.o
 .text.UART_EndTransmit_IT
                0x0000000008002392       0x30 Drivers/STM32F4xx_HAL_Driver/stm32f4xx_hal_uart.o
 .text.UART_Receive_IT
                0x00000000080023c2      0x12e Drivers/STM32F4xx_HAL_Driver/stm32f4xx_hal_uart.o
 .text.UART_SetConfig
                0x00000000080024f0      0x390 Drivers/STM32F4xx_HAL_Driver/stm32f4xx_hal_uart.o
 .text.__libc_init_array
                0x0000000008002880       0x48 c:/my_folder/program/stm32/stm32cubeide_1.6.1/stm32cubeide/plugins/com.st.stm32cube.ide.mcu.externaltools.gnu-tools-for-stm32.9-2020-q2-update.win32_1.5.0.202011040924/tools/bin/../lib/gcc/arm-none-eabi/9.3.1/../../../../arm-none-eabi/lib/thumb/v7e-m+fp/hard\libc_nano.a(lib_a-init.o)
                0x0000000008002880                __libc_init_array
 .text.memset   0x00000000080028c8       0x10 c:/my_folder/program/stm32/stm32cubeide_1.6.1/stm32cubeide/plugins/com.st.stm32cube.ide.mcu.externaltools.gnu-tools-for-stm32.9-2020-q2-update.win32_1.5.0.202011040924/tools/bin/../lib/gcc/arm-none-eabi/9.3.1/../../../../arm-none-eabi/lib/thumb/v7e-m+fp/hard\libc_nano.a(lib_a-memset.o)
                0x00000000080028c8                memset
 *(.glue_7)
 .glue_7        0x00000000080028d8        0x0 linker stubs
 *(.glue_7t)
 .glue_7t       0x00000000080028d8        0x0 linker stubs
 *(.eh_frame)
 .eh_frame      0x00000000080028d8        0x0 c:/my_folder/program/stm32/stm32cubeide_1.6.1/stm32cubeide/plugins/com.st.stm32cube.ide.mcu.externaltools.gnu-tools-for-stm32.9-2020-q2-update.win32_1.5.0.202011040924/tools/bin/../lib/gcc/arm-none-eabi/9.3.1/thumb/v7e-m+fp/hard/crtbegin.o
 *(.init)
 .init          0x00000000080028d8        0x4 c:/my_folder/program/stm32/stm32cubeide_1.6.1/stm32cubeide/plugins/com.st.stm32cube.ide.mcu.externaltools.gnu-tools-for-stm32.9-2020-q2-update.win32_1.5.0.202011040924/tools/bin/../lib/gcc/arm-none-eabi/9.3.1/thumb/v7e-m+fp/hard/crti.o
                0x00000000080028d8                _init
 .init          0x00000000080028dc        0x8 c:/my_folder/program/stm32/stm32cubeide_1.6.1/stm32cubeide/plugins/com.st.stm32cube.ide.mcu.externaltools.gnu-tools-for-stm32.9-2020-q2-update.win32_1.5.0.202011040924/tools/bin/../lib/gcc/arm-none-eabi/9.3.1/thumb/v7e-m+fp/hard/crtn.o
 *(.fini)
 .fini          0x00000000080028e4        0x4 c:/my_folder/program/stm32/stm32cubeide_1.6.1/stm32cubeide/plugins/com.st.stm32cube.ide.mcu.externaltools.gnu-tools-for-stm32.9-2020-q2-update.win32_1.5.0.202011040924/tools/bin/../lib/gcc/arm-none-eabi/9.3.1/thumb/v7e-m+fp/hard/crti.o
                0x00000000080028e4                _fini
 .fini          0x00000000080028e8        0x8 c:/my_folder/program/stm32/stm32cubeide_1.6.1/stm32cubeide/plugins/com.st.stm32cube.ide.mcu.externaltools.gnu-tools-for-stm32.9-2020-q2-update.win32_1.5.0.202011040924/tools/bin/../lib/gcc/arm-none-eabi/9.3.1/thumb/v7e-m+fp/hard/crtn.o
                0x00000000080028f0                . = ALIGN (0x4)
                0x00000000080028f0                _etext = .

.vfp11_veneer   0x00000000080028f0        0x0
 .vfp11_veneer  0x00000000080028f0        0x0 linker stubs

.v4_bx          0x00000000080028f0        0x0
 .v4_bx         0x00000000080028f0        0x0 linker stubs

.iplt           0x00000000080028f0        0x0
 .iplt          0x00000000080028f0        0x0 c:/my_folder/program/stm32/stm32cubeide_1.6.1/stm32cubeide/plugins/com.st.stm32cube.ide.mcu.externaltools.gnu-tools-for-stm32.9-2020-q2-update.win32_1.5.0.202011040924/tools/bin/../lib/gcc/arm-none-eabi/9.3.1/thumb/v7e-m+fp/hard/crtbegin.o

.rodata         0x00000000080028f0       0x8c
                0x00000000080028f0                . = ALIGN (0x4)
 *(.rodata)
 .rodata        0x00000000080028f0       0x73 Core/Src/main.o
 *(.rodata*)
 *fill*         0x0000000008002963        0x1 
 .rodata.AHBPrescTable
                0x0000000008002964       0x10 Core/Src/system_stm32f4xx.o
                0x0000000008002964                AHBPrescTable
 .rodata.APBPrescTable
                0x0000000008002974        0x8 Core/Src/system_stm32f4xx.o
                0x0000000008002974                APBPrescTable
                0x000000000800297c                . = ALIGN (0x4)

.ARM.extab      0x000000000800297c        0x0
                0x000000000800297c                . = ALIGN (0x4)
 *(.ARM.extab* .gnu.linkonce.armextab.*)
                0x000000000800297c                . = ALIGN (0x4)

.ARM            0x000000000800297c        0x8
                0x000000000800297c                . = ALIGN (0x4)
                0x000000000800297c                __exidx_start = .
 *(.ARM.exidx*)
 .ARM.exidx     0x000000000800297c        0x8 c:/my_folder/program/stm32/stm32cubeide_1.6.1/stm32cubeide/plugins/com.st.stm32cube.ide.mcu.externaltools.gnu-tools-for-stm32.9-2020-q2-update.win32_1.5.0.202011040924/tools/bin/../lib/gcc/arm-none-eabi/9.3.1/thumb/v7e-m+fp/hard\libgcc.a(_udivmoddi4.o)
                0x0000000008002984                __exidx_end = .
                0x0000000008002984                . = ALIGN (0x4)

.rel.dyn        0x0000000008002984        0x0
 .rel.iplt      0x0000000008002984        0x0 c:/my_folder/program/stm32/stm32cubeide_1.6.1/stm32cubeide/plugins/com.st.stm32cube.ide.mcu.externaltools.gnu-tools-for-stm32.9-2020-q2-update.win32_1.5.0.202011040924/tools/bin/../lib/gcc/arm-none-eabi/9.3.1/thumb/v7e-m+fp/hard/crtbegin.o

.preinit_array  0x0000000008002984        0x0
                0x0000000008002984                . = ALIGN (0x4)
                0x0000000008002984                PROVIDE (__preinit_array_start = .)
 *(.preinit_array*)
                0x0000000008002984                PROVIDE (__preinit_array_end = .)
                0x0000000008002984                . = ALIGN (0x4)

.init_array     0x0000000008002984        0x4
                0x0000000008002984                . = ALIGN (0x4)
                0x0000000008002984                PROVIDE (__init_array_start = .)
 *(SORT_BY_NAME(.init_array.*))
 *(.init_array*)
 .init_array    0x0000000008002984        0x4 c:/my_folder/program/stm32/stm32cubeide_1.6.1/stm32cubeide/plugins/com.st.stm32cube.ide.mcu.externaltools.gnu-tools-for-stm32.9-2020-q2-update.win32_1.5.0.202011040924/tools/bin/../lib/gcc/arm-none-eabi/9.3.1/thumb/v7e-m+fp/hard/crtbegin.o
                0x0000000008002988                PROVIDE (__init_array_end = .)
                0x0000000008002988                . = ALIGN (0x4)

.fini_array     0x0000000008002988        0x4
                0x0000000008002988                . = ALIGN (0x4)
                [!provide]                        PROVIDE (__fini_array_start = .)
 *(SORT_BY_NAME(.fini_array.*))
 *(.fini_array*)
 .fini_array    0x0000000008002988        0x4 c:/my_folder/program/stm32/stm32cubeide_1.6.1/stm32cubeide/plugins/com.st.stm32cube.ide.mcu.externaltools.gnu-tools-for-stm32.9-2020-q2-update.win32_1.5.0.202011040924/tools/bin/../lib/gcc/arm-none-eabi/9.3.1/thumb/v7e-m+fp/hard/crtbegin.o
                [!provide]                        PROVIDE (__fini_array_end = .)
                0x000000000800298c                . = ALIGN (0x4)
                0x000000000800298c                _sidata = LOADADDR (.data)

.data           0x0000000020000000        0xc load address 0x000000000800298c
                0x0000000020000000                . = ALIGN (0x4)
                0x0000000020000000                _sdata = .
 *(.data)
 *(.data*)
 .data.SystemCoreClock
                0x0000000020000000        0x4 Core/Src/system_stm32f4xx.o
                0x0000000020000000                SystemCoreClock
 .data.uwTickPrio
                0x0000000020000004        0x4 Drivers/STM32F4xx_HAL_Driver/stm32f4xx_hal.o
                0x0000000020000004                uwTickPrio
 .data.uwTickFreq
                0x0000000020000008        0x1 Drivers/STM32F4xx_HAL_Driver/stm32f4xx_hal.o
                0x0000000020000008                uwTickFreq
 *(.RamFunc)
 *(.RamFunc*)
                0x000000002000000c                . = ALIGN (0x4)
 *fill*         0x0000000020000009        0x3 
                0x000000002000000c                _edata = .

.igot.plt       0x000000002000000c        0x0 load address 0x0000000008002998
 .igot.plt      0x000000002000000c        0x0 c:/my_folder/program/stm32/stm32cubeide_1.6.1/stm32cubeide/plugins/com.st.stm32cube.ide.mcu.externaltools.gnu-tools-for-stm32.9-2020-q2-update.win32_1.5.0.202011040924/tools/bin/../lib/gcc/arm-none-eabi/9.3.1/thumb/v7e-m+fp/hard/crtbegin.o
                0x000000002000000c                . = ALIGN (0x4)

.bss            0x000000002000000c       0x88 load address 0x0000000008002998
                0x000000002000000c                _sbss = .
                0x000000002000000c                __bss_start__ = _sbss
 *(.bss)
 .bss           0x000000002000000c       0x1c c:/my_folder/program/stm32/stm32cubeide_1.6.1/stm32cubeide/plugins/com.st.stm32cube.ide.mcu.externaltools.gnu-tools-for-stm32.9-2020-q2-update.win32_1.5.0.202011040924/tools/bin/../lib/gcc/arm-none-eabi/9.3.1/thumb/v7e-m+fp/hard/crtbegin.o
 *(.bss*)
 .bss.RxDataBuffer
                0x0000000020000028       0x20 Core/Src/main.o
                0x0000000020000028                RxDataBuffer
 .bss.dataPos.8784
                0x0000000020000048        0x4 Core/Src/main.o
 *(COMMON)
 COMMON         0x000000002000004c       0x44 Core/Src/main.o
                0x000000002000004c                huart2
 COMMON         0x0000000020000090        0x4 Drivers/STM32F4xx_HAL_Driver/stm32f4xx_hal.o
                0x0000000020000090                uwTick
                0x0000000020000094                . = ALIGN (0x4)
                0x0000000020000094                _ebss = .
                0x0000000020000094                __bss_end__ = _ebss

._user_heap_stack
                0x0000000020000094      0x604 load address 0x0000000008002998
                0x0000000020000098                . = ALIGN (0x8)
 *fill*         0x0000000020000094        0x4 
                [!provide]                        PROVIDE (end = .)
                0x0000000020000098                PROVIDE (_end = .)
                0x0000000020000298                . = (. + _Min_Heap_Size)
 *fill*         0x0000000020000098      0x200 
                0x0000000020000698                . = (. + _Min_Stack_Size)
 *fill*         0x0000000020000298      0x400 
                0x0000000020000698                . = ALIGN (0x8)

/DISCARD/
 libc.a(*)
 libm.a(*)
 libgcc.a(*)

.ARM.attributes
                0x0000000000000000       0x30
 *(.ARM.attributes)
 .ARM.attributes
                0x0000000000000000       0x1e c:/my_folder/program/stm32/stm32cubeide_1.6.1/stm32cubeide/plugins/com.st.stm32cube.ide.mcu.externaltools.gnu-tools-for-stm32.9-2020-q2-update.win32_1.5.0.202011040924/tools/bin/../lib/gcc/arm-none-eabi/9.3.1/thumb/v7e-m+fp/hard/crti.o
 .ARM.attributes
                0x000000000000001e       0x34 c:/my_folder/program/stm32/stm32cubeide_1.6.1/stm32cubeide/plugins/com.st.stm32cube.ide.mcu.externaltools.gnu-tools-for-stm32.9-2020-q2-update.win32_1.5.0.202011040924/tools/bin/../lib/gcc/arm-none-eabi/9.3.1/thumb/v7e-m+fp/hard/crtbegin.o
 .ARM.attributes
                0x0000000000000052       0x34 Core/Src/main.o
 .ARM.attributes
                0x0000000000000086       0x34 Core/Src/stm32f4xx_hal_msp.o
 .ARM.attributes
                0x00000000000000ba       0x34 Core/Src/stm32f4xx_it.o
 .ARM.attributes
                0x00000000000000ee       0x34 Core/Src/system_stm32f4xx.o
 .ARM.attributes
                0x0000000000000122       0x21 Core/Startup/startup_stm32f411retx.o
 .ARM.attributes
                0x0000000000000143       0x34 Drivers/STM32F4xx_HAL_Driver/stm32f4xx_hal.o
 .ARM.attributes
                0x0000000000000177       0x34 Drivers/STM32F4xx_HAL_Driver/stm32f4xx_hal_cortex.o
 .ARM.attributes
                0x00000000000001ab       0x34 Drivers/STM32F4xx_HAL_Driver/stm32f4xx_hal_dma.o
 .ARM.attributes
                0x00000000000001df       0x34 Drivers/STM32F4xx_HAL_Driver/stm32f4xx_hal_gpio.o
 .ARM.attributes
                0x0000000000000213       0x34 Drivers/STM32F4xx_HAL_Driver/stm32f4xx_hal_rcc.o
 .ARM.attributes
                0x0000000000000247       0x34 Drivers/STM32F4xx_HAL_Driver/stm32f4xx_hal_uart.o
 .ARM.attributes
                0x000000000000027b       0x34 c:/my_folder/program/stm32/stm32cubeide_1.6.1/stm32cubeide/plugins/com.st.stm32cube.ide.mcu.externaltools.gnu-tools-for-stm32.9-2020-q2-update.win32_1.5.0.202011040924/tools/bin/../lib/gcc/arm-none-eabi/9.3.1/../../../../arm-none-eabi/lib/thumb/v7e-m+fp/hard\libc_nano.a(lib_a-init.o)
 .ARM.attributes
                0x00000000000002af       0x34 c:/my_folder/program/stm32/stm32cubeide_1.6.1/stm32cubeide/plugins/com.st.stm32cube.ide.mcu.externaltools.gnu-tools-for-stm32.9-2020-q2-update.win32_1.5.0.202011040924/tools/bin/../lib/gcc/arm-none-eabi/9.3.1/../../../../arm-none-eabi/lib/thumb/v7e-m+fp/hard\libc_nano.a(lib_a-memset.o)
 .ARM.attributes
                0x00000000000002e3       0x17 c:/my_folder/program/stm32/stm32cubeide_1.6.1/stm32cubeide/plugins/com.st.stm32cube.ide.mcu.externaltools.gnu-tools-for-stm32.9-2020-q2-update.win32_1.5.0.202011040924/tools/bin/../lib/gcc/arm-none-eabi/9.3.1/../../../../arm-none-eabi/lib/thumb/v7e-m+fp/hard\libc_nano.a(lib_a-strlen.o)
 .ARM.attributes
                0x00000000000002fa       0x1e c:/my_folder/program/stm32/stm32cubeide_1.6.1/stm32cubeide/plugins/com.st.stm32cube.ide.mcu.externaltools.gnu-tools-for-stm32.9-2020-q2-update.win32_1.5.0.202011040924/tools/bin/../lib/gcc/arm-none-eabi/9.3.1/thumb/v7e-m+fp/hard\libgcc.a(_aeabi_uldivmod.o)
 .ARM.attributes
                0x0000000000000318       0x34 c:/my_folder/program/stm32/stm32cubeide_1.6.1/stm32cubeide/plugins/com.st.stm32cube.ide.mcu.externaltools.gnu-tools-for-stm32.9-2020-q2-update.win32_1.5.0.202011040924/tools/bin/../lib/gcc/arm-none-eabi/9.3.1/thumb/v7e-m+fp/hard\libgcc.a(_udivmoddi4.o)
 .ARM.attributes
                0x000000000000034c       0x1e c:/my_folder/program/stm32/stm32cubeide_1.6.1/stm32cubeide/plugins/com.st.stm32cube.ide.mcu.externaltools.gnu-tools-for-stm32.9-2020-q2-update.win32_1.5.0.202011040924/tools/bin/../lib/gcc/arm-none-eabi/9.3.1/thumb/v7e-m+fp/hard\libgcc.a(_dvmd_tls.o)
 .ARM.attributes
                0x000000000000036a       0x1e c:/my_folder/program/stm32/stm32cubeide_1.6.1/stm32cubeide/plugins/com.st.stm32cube.ide.mcu.externaltools.gnu-tools-for-stm32.9-2020-q2-update.win32_1.5.0.202011040924/tools/bin/../lib/gcc/arm-none-eabi/9.3.1/thumb/v7e-m+fp/hard/crtn.o
OUTPUT(Week10_UART.elf elf32-littlearm)
LOAD linker stubs
LOAD c:/my_folder/program/stm32/stm32cubeide_1.6.1/stm32cubeide/plugins/com.st.stm32cube.ide.mcu.externaltools.gnu-tools-for-stm32.9-2020-q2-update.win32_1.5.0.202011040924/tools/bin/../lib/gcc/arm-none-eabi/9.3.1/../../../../arm-none-eabi/lib/thumb/v7e-m+fp/hard\libc.a
LOAD c:/my_folder/program/stm32/stm32cubeide_1.6.1/stm32cubeide/plugins/com.st.stm32cube.ide.mcu.externaltools.gnu-tools-for-stm32.9-2020-q2-update.win32_1.5.0.202011040924/tools/bin/../lib/gcc/arm-none-eabi/9.3.1/../../../../arm-none-eabi/lib/thumb/v7e-m+fp/hard\libm.a
LOAD c:/my_folder/program/stm32/stm32cubeide_1.6.1/stm32cubeide/plugins/com.st.stm32cube.ide.mcu.externaltools.gnu-tools-for-stm32.9-2020-q2-update.win32_1.5.0.202011040924/tools/bin/../lib/gcc/arm-none-eabi/9.3.1/thumb/v7e-m+fp/hard\libgcc.a

.debug_info     0x0000000000000000     0x7912
 .debug_info    0x0000000000000000     0x1677 Core/Src/main.o
 .debug_info    0x0000000000001677      0xbb3 Core/Src/stm32f4xx_hal_msp.o
 .debug_info    0x000000000000222a      0x705 Core/Src/stm32f4xx_it.o
 .debug_info    0x000000000000292f      0x5d0 Core/Src/system_stm32f4xx.o
 .debug_info    0x0000000000002eff       0x22 Core/Startup/startup_stm32f411retx.o
 .debug_info    0x0000000000002f21      0x944 Drivers/STM32F4xx_HAL_Driver/stm32f4xx_hal.o
 .debug_info    0x0000000000003865      0xe47 Drivers/STM32F4xx_HAL_Driver/stm32f4xx_hal_cortex.o
 .debug_info    0x00000000000046ac      0x9e9 Drivers/STM32F4xx_HAL_Driver/stm32f4xx_hal_dma.o
 .debug_info    0x0000000000005095      0x862 Drivers/STM32F4xx_HAL_Driver/stm32f4xx_hal_gpio.o
 .debug_info    0x00000000000058f7      0x9be Drivers/STM32F4xx_HAL_Driver/stm32f4xx_hal_rcc.o
 .debug_info    0x00000000000062b5     0x165d Drivers/STM32F4xx_HAL_Driver/stm32f4xx_hal_uart.o

.debug_abbrev   0x0000000000000000     0x15db
 .debug_abbrev  0x0000000000000000      0x2e6 Core/Src/main.o
 .debug_abbrev  0x00000000000002e6      0x1b5 Core/Src/stm32f4xx_hal_msp.o
 .debug_abbrev  0x000000000000049b      0x174 Core/Src/stm32f4xx_it.o
 .debug_abbrev  0x000000000000060f      0x145 Core/Src/system_stm32f4xx.o
 .debug_abbrev  0x0000000000000754       0x12 Core/Startup/startup_stm32f411retx.o
 .debug_abbrev  0x0000000000000766      0x21e Drivers/STM32F4xx_HAL_Driver/stm32f4xx_hal.o
 .debug_abbrev  0x0000000000000984      0x33c Drivers/STM32F4xx_HAL_Driver/stm32f4xx_hal_cortex.o
 .debug_abbrev  0x0000000000000cc0      0x219 Drivers/STM32F4xx_HAL_Driver/stm32f4xx_hal_dma.o
 .debug_abbrev  0x0000000000000ed9      0x1f1 Drivers/STM32F4xx_HAL_Driver/stm32f4xx_hal_gpio.o
 .debug_abbrev  0x00000000000010ca      0x275 Drivers/STM32F4xx_HAL_Driver/stm32f4xx_hal_rcc.o
 .debug_abbrev  0x000000000000133f      0x29c Drivers/STM32F4xx_HAL_Driver/stm32f4xx_hal_uart.o

.debug_aranges  0x0000000000000000      0x6b0
 .debug_aranges
                0x0000000000000000       0x50 Core/Src/main.o
 .debug_aranges
                0x0000000000000050       0x30 Core/Src/stm32f4xx_hal_msp.o
 .debug_aranges
                0x0000000000000080       0x68 Core/Src/stm32f4xx_it.o
 .debug_aranges
                0x00000000000000e8       0x28 Core/Src/system_stm32f4xx.o
 .debug_aranges
                0x0000000000000110       0x28 Core/Startup/startup_stm32f411retx.o
 .debug_aranges
                0x0000000000000138       0xf0 Drivers/STM32F4xx_HAL_Driver/stm32f4xx_hal.o
 .debug_aranges
                0x0000000000000228      0x118 Drivers/STM32F4xx_HAL_Driver/stm32f4xx_hal_cortex.o
 .debug_aranges
                0x0000000000000340       0x90 Drivers/STM32F4xx_HAL_Driver/stm32f4xx_hal_dma.o
 .debug_aranges
                0x00000000000003d0       0x58 Drivers/STM32F4xx_HAL_Driver/stm32f4xx_hal_gpio.o
 .debug_aranges
                0x0000000000000428       0x88 Drivers/STM32F4xx_HAL_Driver/stm32f4xx_hal_rcc.o
 .debug_aranges
                0x00000000000004b0      0x200 Drivers/STM32F4xx_HAL_Driver/stm32f4xx_hal_uart.o

.debug_ranges   0x0000000000000000      0x638
 .debug_ranges  0x0000000000000000       0x40 Core/Src/main.o
 .debug_ranges  0x0000000000000040       0x20 Core/Src/stm32f4xx_hal_msp.o
 .debug_ranges  0x0000000000000060       0x58 Core/Src/stm32f4xx_it.o
 .debug_ranges  0x00000000000000b8       0x18 Core/Src/system_stm32f4xx.o
 .debug_ranges  0x00000000000000d0       0x20 Core/Startup/startup_stm32f411retx.o
 .debug_ranges  0x00000000000000f0       0xe0 Drivers/STM32F4xx_HAL_Driver/stm32f4xx_hal.o
 .debug_ranges  0x00000000000001d0      0x108 Drivers/STM32F4xx_HAL_Driver/stm32f4xx_hal_cortex.o
 .debug_ranges  0x00000000000002d8       0x80 Drivers/STM32F4xx_HAL_Driver/stm32f4xx_hal_dma.o
 .debug_ranges  0x0000000000000358       0x48 Drivers/STM32F4xx_HAL_Driver/stm32f4xx_hal_gpio.o
 .debug_ranges  0x00000000000003a0       0x78 Drivers/STM32F4xx_HAL_Driver/stm32f4xx_hal_rcc.o
 .debug_ranges  0x0000000000000418      0x220 Drivers/STM32F4xx_HAL_Driver/stm32f4xx_hal_uart.o

.debug_macro    0x0000000000000000    0x155bd
 .debug_macro   0x0000000000000000      0x358 Core/Src/main.o
 .debug_macro   0x0000000000000358      0xaa8 Core/Src/main.o
 .debug_macro   0x0000000000000e00      0x295 Core/Src/main.o
 .debug_macro   0x0000000000001095       0x2e Core/Src/main.o
 .debug_macro   0x00000000000010c3       0x28 Core/Src/main.o
 .debug_macro   0x00000000000010eb       0x22 Core/Src/main.o
 .debug_macro   0x000000000000110d       0x8e Core/Src/main.o
 .debug_macro   0x000000000000119b       0x51 Core/Src/main.o
 .debug_macro   0x00000000000011ec      0x103 Core/Src/main.o
 .debug_macro   0x00000000000012ef       0x6a Core/Src/main.o
 .debug_macro   0x0000000000001359      0x1df Core/Src/main.o
 .debug_macro   0x0000000000001538       0x1c Core/Src/main.o
 .debug_macro   0x0000000000001554       0x22 Core/Src/main.o
 .debug_macro   0x0000000000001576       0xdf Core/Src/main.o
 .debug_macro   0x0000000000001655     0x102d Core/Src/main.o
 .debug_macro   0x0000000000002682      0x11f Core/Src/main.o
 .debug_macro   0x00000000000027a1     0xb937 Core/Src/main.o
 .debug_macro   0x000000000000e0d8       0x43 Core/Src/main.o
 .debug_macro   0x000000000000e11b     0x3659 Core/Src/main.o
 .debug_macro   0x0000000000011774      0x174 Core/Src/main.o
 .debug_macro   0x00000000000118e8       0x5c Core/Src/main.o
 .debug_macro   0x0000000000011944      0x447 Core/Src/main.o
 .debug_macro   0x0000000000011d8b      0x9fe Core/Src/main.o
 .debug_macro   0x0000000000012789      0x117 Core/Src/main.o
 .debug_macro   0x00000000000128a0      0x11b Core/Src/main.o
 .debug_macro   0x00000000000129bb       0x82 Core/Src/main.o
 .debug_macro   0x0000000000012a3d      0x15f Core/Src/main.o
 .debug_macro   0x0000000000012b9c      0x287 Core/Src/main.o
 .debug_macro   0x0000000000012e23       0x5f Core/Src/main.o
 .debug_macro   0x0000000000012e82      0x236 Core/Src/main.o
 .debug_macro   0x00000000000130b8      0x132 Core/Src/main.o
 .debug_macro   0x00000000000131ea      0x264 Core/Src/main.o
 .debug_macro   0x000000000001344e       0x2e Core/Src/main.o
 .debug_macro   0x000000000001347c      0x11a Core/Src/main.o
 .debug_macro   0x0000000000013596       0x85 Core/Src/main.o
 .debug_macro   0x000000000001361b       0x89 Core/Src/main.o
 .debug_macro   0x00000000000136a4      0x295 Core/Src/main.o
 .debug_macro   0x0000000000013939      0x126 Core/Src/main.o
 .debug_macro   0x0000000000013a5f       0x58 Core/Src/main.o
 .debug_macro   0x0000000000013ab7       0x52 Core/Src/main.o
 .debug_macro   0x0000000000013b09       0x18 Core/Src/main.o
 .debug_macro   0x0000000000013b21       0x3c Core/Src/main.o
 .debug_macro   0x0000000000013b5d       0x34 Core/Src/main.o
 .debug_macro   0x0000000000013b91       0x16 Core/Src/main.o
 .debug_macro   0x0000000000013ba7       0x35 Core/Src/main.o
 .debug_macro   0x0000000000013bdc      0x333 Core/Src/main.o
 .debug_macro   0x0000000000013f0f       0x10 Core/Src/main.o
 .debug_macro   0x0000000000013f1f       0x16 Core/Src/main.o
 .debug_macro   0x0000000000013f35       0x43 Core/Src/main.o
 .debug_macro   0x0000000000013f78       0x34 Core/Src/main.o
 .debug_macro   0x0000000000013fac       0x10 Core/Src/main.o
 .debug_macro   0x0000000000013fbc       0x58 Core/Src/main.o
 .debug_macro   0x0000000000014014       0x71 Core/Src/main.o
 .debug_macro   0x0000000000014085       0x1c Core/Src/main.o
 .debug_macro   0x00000000000140a1      0x12a Core/Src/main.o
 .debug_macro   0x00000000000141cb       0x10 Core/Src/main.o
 .debug_macro   0x00000000000141db       0x1c Core/Src/main.o
 .debug_macro   0x00000000000141f7       0x52 Core/Src/main.o
 .debug_macro   0x0000000000014249       0x22 Core/Src/main.o
 .debug_macro   0x000000000001426b       0x10 Core/Src/main.o
 .debug_macro   0x000000000001427b       0x40 Core/Src/main.o
 .debug_macro   0x00000000000142bb       0xd5 Core/Src/main.o
 .debug_macro   0x0000000000014390       0x1c Core/Src/main.o
 .debug_macro   0x00000000000143ac       0x3d Core/Src/main.o
 .debug_macro   0x00000000000143e9       0x16 Core/Src/main.o
 .debug_macro   0x00000000000143ff      0x145 Core/Src/main.o
 .debug_macro   0x0000000000014544       0x16 Core/Src/main.o
 .debug_macro   0x000000000001455a       0x20 Core/Src/main.o
 .debug_macro   0x000000000001457a      0x1c9 Core/Src/stm32f4xx_hal_msp.o
 .debug_macro   0x0000000000014743      0x1d3 Core/Src/stm32f4xx_it.o
 .debug_macro   0x0000000000014916      0x1ba Core/Src/system_stm32f4xx.o
 .debug_macro   0x0000000000014ad0      0x21a Drivers/STM32F4xx_HAL_Driver/stm32f4xx_hal.o
 .debug_macro   0x0000000000014cea      0x1ba Drivers/STM32F4xx_HAL_Driver/stm32f4xx_hal_cortex.o
 .debug_macro   0x0000000000014ea4      0x1c0 Drivers/STM32F4xx_HAL_Driver/stm32f4xx_hal_dma.o
 .debug_macro   0x0000000000015064      0x1c0 Drivers/STM32F4xx_HAL_Driver/stm32f4xx_hal_gpio.o
 .debug_macro   0x0000000000015224      0x1de Drivers/STM32F4xx_HAL_Driver/stm32f4xx_hal_rcc.o
 .debug_macro   0x0000000000015402      0x1bb Drivers/STM32F4xx_HAL_Driver/stm32f4xx_hal_uart.o

.debug_line     0x0000000000000000     0x914b
 .debug_line    0x0000000000000000      0xe51 Core/Src/main.o
 .debug_line    0x0000000000000e51      0x941 Core/Src/stm32f4xx_hal_msp.o
 .debug_line    0x0000000000001792      0x9ca Core/Src/stm32f4xx_it.o
 .debug_line    0x000000000000215c      0x971 Core/Src/system_stm32f4xx.o
 .debug_line    0x0000000000002acd       0x88 Core/Startup/startup_stm32f411retx.o
 .debug_line    0x0000000000002b55      0xc10 Drivers/STM32F4xx_HAL_Driver/stm32f4xx_hal.o
 .debug_line    0x0000000000003765      0xebf Drivers/STM32F4xx_HAL_Driver/stm32f4xx_hal_cortex.o
 .debug_line    0x0000000000004624     0x1179 Drivers/STM32F4xx_HAL_Driver/stm32f4xx_hal_dma.o
 .debug_line    0x000000000000579d      0xd4c Drivers/STM32F4xx_HAL_Driver/stm32f4xx_hal_gpio.o
 .debug_line    0x00000000000064e9      0xf8c Drivers/STM32F4xx_HAL_Driver/stm32f4xx_hal_rcc.o
 .debug_line    0x0000000000007475     0x1cd6 Drivers/STM32F4xx_HAL_Driver/stm32f4xx_hal_uart.o

.debug_str      0x0000000000000000    0x8575d
 .debug_str     0x0000000000000000    0x83a7d Core/Src/main.o
                                      0x83ddd (size before relaxing)
 .debug_str     0x0000000000083a7d      0x3e2 Core/Src/stm32f4xx_hal_msp.o
                                      0x7fe3b (size before relaxing)
 .debug_str     0x0000000000083e5f       0xcf Core/Src/stm32f4xx_it.o
                                      0x7f9a8 (size before relaxing)
 .debug_str     0x0000000000083f2e       0xaf Core/Src/system_stm32f4xx.o
                                      0x7f52a (size before relaxing)
 .debug_str     0x0000000000083fdd       0x36 Core/Startup/startup_stm32f411retx.o
                                         0x82 (size before relaxing)
 .debug_str     0x0000000000084013      0x5c6 Drivers/STM32F4xx_HAL_Driver/stm32f4xx_hal.o
                                      0x7feed (size before relaxing)
 .debug_str     0x00000000000845d9      0x3d2 Drivers/STM32F4xx_HAL_Driver/stm32f4xx_hal_cortex.o
                                      0x7fcca (size before relaxing)
 .debug_str     0x00000000000849ab      0x35b Drivers/STM32F4xx_HAL_Driver/stm32f4xx_hal_dma.o
                                      0x7f97b (size before relaxing)
 .debug_str     0x0000000000084d06      0x193 Drivers/STM32F4xx_HAL_Driver/stm32f4xx_hal_gpio.o
                                      0x7f70a (size before relaxing)
 .debug_str     0x0000000000084e99      0x292 Drivers/STM32F4xx_HAL_Driver/stm32f4xx_hal_rcc.o
                                      0x7f965 (size before relaxing)
 .debug_str     0x000000000008512b      0x632 Drivers/STM32F4xx_HAL_Driver/stm32f4xx_hal_uart.o
                                      0x7feb5 (size before relaxing)

.comment        0x0000000000000000       0x53
 .comment       0x0000000000000000       0x53 Core/Src/main.o
                                         0x54 (size before relaxing)
 .comment       0x0000000000000053       0x54 Core/Src/stm32f4xx_hal_msp.o
 .comment       0x0000000000000053       0x54 Core/Src/stm32f4xx_it.o
 .comment       0x0000000000000053       0x54 Core/Src/system_stm32f4xx.o
 .comment       0x0000000000000053       0x54 Drivers/STM32F4xx_HAL_Driver/stm32f4xx_hal.o
 .comment       0x0000000000000053       0x54 Drivers/STM32F4xx_HAL_Driver/stm32f4xx_hal_cortex.o
 .comment       0x0000000000000053       0x54 Drivers/STM32F4xx_HAL_Driver/stm32f4xx_hal_dma.o
 .comment       0x0000000000000053       0x54 Drivers/STM32F4xx_HAL_Driver/stm32f4xx_hal_gpio.o
 .comment       0x0000000000000053       0x54 Drivers/STM32F4xx_HAL_Driver/stm32f4xx_hal_rcc.o
 .comment       0x0000000000000053       0x54 Drivers/STM32F4xx_HAL_Driver/stm32f4xx_hal_uart.o

.debug_frame    0x0000000000000000     0x1a58
 .debug_frame   0x0000000000000000       0xfc Core/Src/main.o
 .debug_frame   0x00000000000000fc       0x7c Core/Src/stm32f4xx_hal_msp.o
 .debug_frame   0x0000000000000178      0x120 Core/Src/stm32f4xx_it.o
 .debug_frame   0x0000000000000298       0x58 Core/Src/system_stm32f4xx.o
 .debug_frame   0x00000000000002f0      0x374 Drivers/STM32F4xx_HAL_Driver/stm32f4xx_hal.o
 .debug_frame   0x0000000000000664      0x498 Drivers/STM32F4xx_HAL_Driver/stm32f4xx_hal_cortex.o
 .debug_frame   0x0000000000000afc      0x250 Drivers/STM32F4xx_HAL_Driver/stm32f4xx_hal_dma.o
 .debug_frame   0x0000000000000d4c      0x14c Drivers/STM32F4xx_HAL_Driver/stm32f4xx_hal_gpio.o
 .debug_frame   0x0000000000000e98      0x1f0 Drivers/STM32F4xx_HAL_Driver/stm32f4xx_hal_rcc.o
 .debug_frame   0x0000000000001088      0x924 Drivers/STM32F4xx_HAL_Driver/stm32f4xx_hal_uart.o
 .debug_frame   0x00000000000019ac       0x2c c:/my_folder/program/stm32/stm32cubeide_1.6.1/stm32cubeide/plugins/com.st.stm32cube.ide.mcu.externaltools.gnu-tools-for-stm32.9-2020-q2-update.win32_1.5.0.202011040924/tools/bin/../lib/gcc/arm-none-eabi/9.3.1/../../../../arm-none-eabi/lib/thumb/v7e-m+fp/hard\libc_nano.a(lib_a-init.o)
 .debug_frame   0x00000000000019d8       0x20 c:/my_folder/program/stm32/stm32cubeide_1.6.1/stm32cubeide/plugins/com.st.stm32cube.ide.mcu.externaltools.gnu-tools-for-stm32.9-2020-q2-update.win32_1.5.0.202011040924/tools/bin/../lib/gcc/arm-none-eabi/9.3.1/../../../../arm-none-eabi/lib/thumb/v7e-m+fp/hard\libc_nano.a(lib_a-memset.o)
 .debug_frame   0x00000000000019f8       0x2c c:/my_folder/program/stm32/stm32cubeide_1.6.1/stm32cubeide/plugins/com.st.stm32cube.ide.mcu.externaltools.gnu-tools-for-stm32.9-2020-q2-update.win32_1.5.0.202011040924/tools/bin/../lib/gcc/arm-none-eabi/9.3.1/thumb/v7e-m+fp/hard\libgcc.a(_aeabi_uldivmod.o)
 .debug_frame   0x0000000000001a24       0x34 c:/my_folder/program/stm32/stm32cubeide_1.6.1/stm32cubeide/plugins/com.st.stm32cube.ide.mcu.externaltools.gnu-tools-for-stm32.9-2020-q2-update.win32_1.5.0.202011040924/tools/bin/../lib/gcc/arm-none-eabi/9.3.1/thumb/v7e-m+fp/hard\libgcc.a(_udivmoddi4.o)
